/leonardo/home/userexternal/aabdalla/.conda/envs/swift/lib/python3.10/site-packages/torch/cuda/__init__.py:63: FutureWarning: The pynvml package is deprecated. Please install nvidia-ml-py instead. If you did not install pynvml directly, please report this to the maintainers of the package that installed pynvml for you.
  import pynvml  # type: ignore[import]
/leonardo/home/userexternal/aabdalla/.conda/envs/swift/lib/python3.10/site-packages/transformers/utils/hub.py:110: FutureWarning: Using `TRANSFORMERS_CACHE` is deprecated and will be removed in v5 of Transformers. Use `HF_HOME` instead.
  warnings.warn(
INFO 02-08 21:17:38 [__init__.py:216] Automatically detected platform cuda.
Dataset source: xlangai/BRIGHT
Using the latest cached version of the dataset since xlangai/BRIGHT couldn't be found on the Hugging Face Hub (offline mode is enabled).
Found the latest cached dataset configuration 'grit_reason' at /leonardo_scratch/fast/L-AUT_024/.cache/huggingface/datasets/xlangai___bright/grit_reason/0.0.0/3066d29c9651a576c8aba4832d249807b181ecae (last modified on Sat Feb  7 03:54:01 2026).
Using the latest cached version of the dataset since xlangai/BRIGHT couldn't be found on the Hugging Face Hub (offline mode is enabled).
Found the latest cached dataset configuration 'documents' at /leonardo_scratch/fast/L-AUT_024/.cache/huggingface/datasets/xlangai___bright/documents/0.0.0/3066d29c9651a576c8aba4832d249807b181ecae (last modified on Thu Feb  5 21:44:01 2026).
The scores file does not exist, start retrieving...
103 queries
57359 documents
`torch_dtype` is deprecated! Use `dtype` instead!
Loading checkpoint shards:   0%|          | 0/4 [00:00<?, ?it/s]Loading checkpoint shards: 100%|██████████| 4/4 [00:00<00:00, 61.21it/s]
WARNING: No config instructions found for ReasonIR. Using default instructions.
doc max length: 32768
query max length: 32768
  0%|          | 0/103 [00:00<?, ?it/s]100%|██████████| 103/103 [00:00<00:00, 19767.25it/s]
sigir_results/phase6_reasoning/biology/reasonir_grit_reason/biology_reasonir_long_False
{'NDCG@1': 0.31068, 'NDCG@5': 0.26679, 'NDCG@10': 0.2969, 'NDCG@25': 0.36005, 'NDCG@50': 0.38829, 'NDCG@100': 0.41285, 'MAP@1': 0.08841, 'MAP@5': 0.18252, 'MAP@10': 0.21115, 'MAP@25': 0.24017, 'MAP@50': 0.2481, 'MAP@100': 0.252, 'Recall@1': 0.08841, 'Recall@5': 0.26114, 'Recall@10': 0.35324, 'Recall@25': 0.52877, 'Recall@50': 0.62543, 'Recall@100': 0.73689, 'P@1': 0.31068, 'P@5': 0.17864, 'P@10': 0.12718, 'P@25': 0.07845, 'P@50': 0.04699, 'P@100': 0.02689, 'MRR': 0.40203, 'Oracle NDCG@1': 0.86408, 'Oracle NDCG@5': 0.77444, 'Oracle NDCG@10': 0.77055, 'Oracle NDCG@25': 0.77152, 'Oracle NDCG@50': 0.77152, 'Oracle NDCG@100': 0.77202}
