/leonardo/home/userexternal/aabdalla/.conda/envs/swift/lib/python3.10/site-packages/torch/cuda/__init__.py:63: FutureWarning: The pynvml package is deprecated. Please install nvidia-ml-py instead. If you did not install pynvml directly, please report this to the maintainers of the package that installed pynvml for you.
  import pynvml  # type: ignore[import]
/leonardo/home/userexternal/aabdalla/.conda/envs/swift/lib/python3.10/site-packages/transformers/utils/hub.py:110: FutureWarning: Using `TRANSFORMERS_CACHE` is deprecated and will be removed in v5 of Transformers. Use `HF_HOME` instead.
  warnings.warn(
INFO 02-08 21:24:11 [__init__.py:216] Automatically detected platform cuda.
Dataset source: xlangai/BRIGHT
Using the latest cached version of the dataset since xlangai/BRIGHT couldn't be found on the Hugging Face Hub (offline mode is enabled).
Found the latest cached dataset configuration 'grit_reason' at /leonardo_scratch/fast/L-AUT_024/.cache/huggingface/datasets/xlangai___bright/grit_reason/0.0.0/3066d29c9651a576c8aba4832d249807b181ecae (last modified on Sat Feb  7 03:54:01 2026).
Using the latest cached version of the dataset since xlangai/BRIGHT couldn't be found on the Hugging Face Hub (offline mode is enabled).
Found the latest cached dataset configuration 'documents' at /leonardo_scratch/fast/L-AUT_024/.cache/huggingface/datasets/xlangai___bright/documents/0.0.0/3066d29c9651a576c8aba4832d249807b181ecae (last modified on Thu Feb  5 21:44:01 2026).
The scores file does not exist, start retrieving...
116 queries
121249 documents
`torch_dtype` is deprecated! Use `dtype` instead!
Loading checkpoint shards:   0%|          | 0/4 [00:00<?, ?it/s]Loading checkpoint shards: 100%|██████████| 4/4 [00:00<00:00, 107.32it/s]
WARNING: No config instructions found for ReasonIR. Using default instructions.
doc max length: 32768
query max length: 32768
  0%|          | 0/116 [00:00<?, ?it/s]100%|██████████| 116/116 [00:00<00:00, 17906.56it/s]
sigir_results/phase6_reasoning/earth_science/reasonir_grit_reason/earth_science_reasonir_long_False
{'NDCG@1': 0.32759, 'NDCG@5': 0.31256, 'NDCG@10': 0.32545, 'NDCG@25': 0.36171, 'NDCG@50': 0.3941, 'NDCG@100': 0.41681, 'MAP@1': 0.12998, 'MAP@5': 0.22692, 'MAP@10': 0.24562, 'MAP@25': 0.26224, 'MAP@50': 0.26998, 'MAP@100': 0.27412, 'Recall@1': 0.12998, 'Recall@5': 0.30581, 'Recall@10': 0.37253, 'Recall@25': 0.47737, 'Recall@50': 0.58664, 'Recall@100': 0.66597, 'P@1': 0.32759, 'P@5': 0.18793, 'P@10': 0.12155, 'P@25': 0.07207, 'P@50': 0.04655, 'P@100': 0.02862, 'MRR': 0.43088, 'Oracle NDCG@1': 0.88793, 'Oracle NDCG@5': 0.77064, 'Oracle NDCG@10': 0.73922, 'Oracle NDCG@25': 0.7226, 'Oracle NDCG@50': 0.72616, 'Oracle NDCG@100': 0.72879}
