/leonardo/home/userexternal/aabdalla/.conda/envs/swift/lib/python3.10/site-packages/torch/cuda/__init__.py:63: FutureWarning: The pynvml package is deprecated. Please install nvidia-ml-py instead. If you did not install pynvml directly, please report this to the maintainers of the package that installed pynvml for you.
  import pynvml  # type: ignore[import]
/leonardo/home/userexternal/aabdalla/.conda/envs/swift/lib/python3.10/site-packages/transformers/utils/hub.py:110: FutureWarning: Using `TRANSFORMERS_CACHE` is deprecated and will be removed in v5 of Transformers. Use `HF_HOME` instead.
  warnings.warn(
INFO 02-08 21:29:53 [__init__.py:216] Automatically detected platform cuda.
Dataset source: xlangai/BRIGHT
Using the latest cached version of the dataset since xlangai/BRIGHT couldn't be found on the Hugging Face Hub (offline mode is enabled).
Found the latest cached dataset configuration 'grit_reason' at /leonardo_scratch/fast/L-AUT_024/.cache/huggingface/datasets/xlangai___bright/grit_reason/0.0.0/3066d29c9651a576c8aba4832d249807b181ecae (last modified on Sat Feb  7 03:54:01 2026).
Using the latest cached version of the dataset since xlangai/BRIGHT couldn't be found on the Hugging Face Hub (offline mode is enabled).
Found the latest cached dataset configuration 'documents' at /leonardo_scratch/fast/L-AUT_024/.cache/huggingface/datasets/xlangai___bright/documents/0.0.0/3066d29c9651a576c8aba4832d249807b181ecae (last modified on Thu Feb  5 21:44:01 2026).
The scores file does not exist, start retrieving...
103 queries
50220 documents
`torch_dtype` is deprecated! Use `dtype` instead!
Loading checkpoint shards:   0%|          | 0/4 [00:00<?, ?it/s]Loading checkpoint shards: 100%|██████████| 4/4 [00:00<00:00, 109.15it/s]
WARNING: No config instructions found for ReasonIR. Using default instructions.
doc max length: 32768
query max length: 32768
  0%|          | 0/103 [00:00<?, ?it/s]100%|██████████| 103/103 [00:00<00:00, 18559.66it/s]
sigir_results/phase6_reasoning/economics/reasonir_grit_reason/economics_reasonir_long_False
{'NDCG@1': 0.20388, 'NDCG@5': 0.22359, 'NDCG@10': 0.24461, 'NDCG@25': 0.27431, 'NDCG@50': 0.29772, 'NDCG@100': 0.33374, 'MAP@1': 0.10758, 'MAP@5': 0.1487, 'MAP@10': 0.16594, 'MAP@25': 0.18819, 'MAP@50': 0.19995, 'MAP@100': 0.2091, 'Recall@1': 0.10758, 'Recall@5': 0.19511, 'Recall@10': 0.25753, 'Recall@25': 0.37428, 'Recall@50': 0.47147, 'Recall@100': 0.6129, 'P@1': 0.20388, 'P@5': 0.11845, 'P@10': 0.10583, 'P@25': 0.08039, 'P@50': 0.05883, 'P@100': 0.04068, 'MRR': 0.28899, 'Oracle NDCG@1': 0.74757, 'Oracle NDCG@5': 0.70429, 'Oracle NDCG@10': 0.67965, 'Oracle NDCG@25': 0.66146, 'Oracle NDCG@50': 0.6536, 'Oracle NDCG@100': 0.65409}
